100 1
124 0
0 100
378 0
100 364
38 369
10 0
250 237
366 124
43 219
73 238
38 34
34 54
10 0
165 319
38 34
10 330
320 124
319 320
73 42
349 413
10 0
0 43
310 251
379 10
165 38
