0 0
0 0
1 0
45 1
0 45
13 51
51 1
32 1
49 3
42 1
6 51
6 32
6 32
28 0
22 28
2 49
31 15
15 4
2 29
17 34
28 10
16 49
43 23
30 43
