3 17 13 1 11 15 20 9 12 16 6 14 5 19 2 7 4 10 8 18 