1 3 4 5 6 8 9 10 11 12 13 14 15 18 89 69 16 23 17 19 20 21 95 22 24 25 26 27 29 7 30 31 33 34 35 36 37 38 39 40 41 42 43 44 32 45 46 47 48 49 50 51 52 53 54 55 56 57 58 59 60 61 62 63 64 65 66 2 67 68 70 71 72 73 74 75 76 77 78 79 80 81 83 84 28 85 86 82 87 88 90 91 92 93 94 96 97 98 99 100 