0 648
1 0
648 369
648 377
0 710
325 377
710 648
369 401
710 795
591 710
153 136
0 1
429 302
369 468
377 567
924 0
732 807
925 293
717 22
22 0
733 377
293 648
186 844
844 807
