42 0
42 0
42 0
55 42
0 42
15 61
0 50
22 1
16 0
35 11
61 0
12 4
15 35
18 48
57 12
31 0
48 4
23 57
23 57
59 39
4 35
12 15
23 57
38 31
18 30
15 9
44 57
